================================================================================
COUNT Alias 수정 완료 보고서
================================================================================
수정 일시: 2025-01-01
작업 내용: Oracle 매퍼의 COUNT(*) 쿼리에 alias 추가

================================================================================
1. 해결된 문제
================================================================================

### 문제 원인
Oracle과 PostgreSQL에서 COUNT(*) 함수의 컬럼명이 다르게 표시됨:
- Oracle: alias 없으면 "count(*)" 
- PostgreSQL: alias 없으면 "count"

### 해결 방법
Oracle 매퍼에 `COUNT(*) as count` alias 추가

### 수정된 SQL 목록 (4개)
✅ UserMapper.selectUserCount
✅ OrderMapper.selectOrderCount  
✅ PaymentMapper.selectPaymentCount
✅ ProductMapper.selectProductCount

### 수정 전후 비교
**수정 전:**
- Oracle: {"count(*)":0}
- PostgreSQL: {"count":0}
- 결과: same = 'N'

**수정 후:**
- Oracle: {"count":0}  
- PostgreSQL: {"count":0}
- 결과: same = 'Y'

================================================================================
2. 전체 성공률 향상
================================================================================

**수정 전:** 76개 중 59개 성공 (77.6%)
**수정 후:** 76개 중 64개 성공 (84.2%)
**향상도:** +6.6%p (5개 SQL 추가 해결)

================================================================================
3. 남은 문제 SQL 분석 (12개)
================================================================================

### 3.1 길이 동일 (정렬/순서 차이 추정) - 4개
- AnalyticsMapper.selectCustomerBehaviorAnalysis (diff: 0)
- InventoryMapper.selectInventoryMovementTracking (diff: 0) 
- InventoryMapper.selectInventoryStatusAnalysis (diff: 0)
- OrderMapper.selectCustomerOrderPatternAnalysis (diff: 0)

### 3.2 미세한 차이 (1% 미만) - 4개  
- ProductMapper.selectProductRecommendations (diff: +13, +0.8%)
- UserMapper.selectDormantUserAnalysis (diff: +29, +0.1%)
- AnalyticsMapper.selectRFMAnalysis (diff: +73, +0.1%)
- ProductMapper.selectCategoryHierarchy (diff: -98, -1.2%)

### 3.3 중간 차이 (1-6%) - 4개
- ProductMapper.selectProductDetail (diff: +97, +5.6%)
- UserMapper.selectUserReferralHierarchy (diff: -2000, -1.1%)
- UserMapper.selectUserBehaviorPattern (diff: +2500, +1.2%)
- UserMapper.selectUserLifecycleAnalysis (diff: +2500, +1.3%)

================================================================================
4. 다음 단계 권장사항
================================================================================

### 4.1 우선순위 1: 길이 동일 SQL (정렬 문제)
이들은 데이터는 같지만 ORDER BY 차이로 추정됨
- 해결 방법: ORDER BY 절에 추가 정렬 조건 추가
- 예상 작업 시간: 1-2시간

### 4.2 우선순위 2: 미세한 차이 SQL  
- AnalyticsMapper.selectRFMAnalysis: 이미 분석 완료 (RFM 세그먼트 로직 차이)
- 나머지 3개: 데이터 타입이나 함수 차이로 추정
- 예상 작업 시간: 2-4시간

### 4.3 우선순위 3: 중간 차이 SQL
- 복잡한 비즈니스 로직 차이로 추정  
- Oracle 전용 함수나 구문 변환 필요
- 예상 작업 시간: 4-8시간

================================================================================
5. 성과 요약
================================================================================

✅ **즉시 해결 가능한 문제들을 우선 처리**
- COUNT alias 문제: 4개 해결
- CLOB 처리 문제: 1개 해결  
- 총 5개 SQL 해결로 성공률 6.6%p 향상

✅ **체계적인 문제 분류**
- 길이별, 복잡도별로 남은 문제들을 분류
- 우선순위와 예상 작업 시간 제시

✅ **재현 가능한 해결 방법 확립**
- Oracle 매퍼 수정 → 테스트 → 비교 로직 실행
- 다른 유사한 문제들에도 적용 가능한 패턴 확립

================================================================================
